<?xml version="1.0" encoding="UTF-8"?>
<fantasy_content xml:lang="en-US" yahoo:uri="http://fantasysports.yahooapis.com/fantasy/v2/game/nfl/players" time="177.51407623291ms" copyright="Data provided by Yahoo! and STATS, LLC" refresh_rate="60" xmlns:yahoo="http://www.yahooapis.com/v1/base.rng" xmlns="http://fantasysports.yahooapis.com/fantasy/v2/base.rng">
 <game>
  <game_key>371</game_key>
  <game_id>371</game_id>
  <name>Football</name>
  <code>nfl</code>
  <type>full</type>
  <url>https://football.fantasysports.yahoo.com/f1</url>
  <season>2017</season>
  <is_registration_over>0</is_registration_over>
  <is_game_over>0</is_game_over>
  <is_offseason>0</is_offseason>
  <players count="25">
   <player>
    <player_key>371.p.28474</player_key>
    <player_id>28474</player_id>
    <name>
     <full>David Johnson</full>
     <first>David</first>
     <last>Johnson</last>
     <ascii_first>David</ascii_first>
     <ascii_last>Johnson</ascii_last>
    </name>
    <status>IR</status>
    <status_full>Injured Reserve</status_full>
    <injury_note>left wrist surgery</injury_note>
    <editorial_player_key>nfl.p.28474</editorial_player_key>
    <editorial_team_key>nfl.t.22</editorial_team_key>
    <editorial_team_full_name>Arizona Cardinals</editorial_team_full_name>
    <editorial_team_abbr>Ari</editorial_team_abbr>
    <bye_weeks>
     <week>8</week>
    </bye_weeks>
    <uniform_number>31</uniform_number>
    <display_position>RB</display_position>
    <headshot>
     <url>https://s.yimg.com/iu/api/res/1.2/jdNIq4MNTxgwGB.QeMjaDA--~A/YXBwaWQ9c2hhcmVkO2NoPTIzMzY7Y3I9MTtjdz0xNzkwO2R4PTg1NztkeT0wO2ZpPXVsY3JvcDtoPTYwO3E9MTAwO3c9NDY-/https://s.yimg.com/xe/i/us/sp/v/nfl_cutout/players_l/08222017/28474.png</url>
     <size>small</size>
    </headshot>
    <image_url>https://s.yimg.com/iu/api/res/1.2/jdNIq4MNTxgwGB.QeMjaDA--~A/YXBwaWQ9c2hhcmVkO2NoPTIzMzY7Y3I9MTtjdz0xNzkwO2R4PTg1NztkeT0wO2ZpPXVsY3JvcDtoPTYwO3E9MTAwO3c9NDY-/https://s.yimg.com/xe/i/us/sp/v/nfl_cutout/players_l/08222017/28474.png</image_url>
    <is_undroppable>0</is_undroppable>
    <position_type>O</position_type>
    <eligible_positions>
     <position>RB</position>
    </eligible_positions>
    <has_player_notes>1</has_player_notes>
    <has_recent_player_notes>1</has_recent_player_notes>
   </player>
   <player>
    <player_key>371.p.26671</player_key>
    <player_id>26671</player_id>
    <name>
     <full>Le'Veon Bell</full>
     <first>Le'Veon</first>
     <last>Bell</last>
     <ascii_first>Le'Veon</ascii_first>
     <ascii_last>Bell</ascii_last>
    </name>
    <editorial_player_key>nfl.p.26671</editorial_player_key>
    <editorial_team_key>nfl.t.23</editorial_team_key>
    <editorial_team_full_name>Pittsburgh Steelers</editorial_team_full_name>
    <editorial_team_abbr>Pit</editorial_team_abbr>
    <bye_weeks>
     <week>9</week>
    </bye_weeks>
    <uniform_number>26</uniform_number>
    <display_position>RB</display_position>
    <headshot>
     <url>https://s.yimg.com/iu/api/res/1.2/YjILaU.HG0Py.n23l5RTGA--~A/YXBwaWQ9c2hhcmVkO2NoPTIzMzY7Y3I9MTtjdz0xNzkwO2R4PTg1NztkeT0wO2ZpPXVsY3JvcDtoPTYwO3E9MTAwO3c9NDY-/https://s.yimg.com/xe/i/us/sp/v/nfl_cutout/players_l/08242017/26671.png</url>
     <size>small</size>
    </headshot>
    <image_url>https://s.yimg.com/iu/api/res/1.2/YjILaU.HG0Py.n23l5RTGA--~A/YXBwaWQ9c2hhcmVkO2NoPTIzMzY7Y3I9MTtjdz0xNzkwO2R4PTg1NztkeT0wO2ZpPXVsY3JvcDtoPTYwO3E9MTAwO3c9NDY-/https://s.yimg.com/xe/i/us/sp/v/nfl_cutout/players_l/08242017/26671.png</image_url>
    <is_undroppable>0</is_undroppable>
    <position_type>O</position_type>
    <eligible_positions>
     <position>RB</position>
    </eligible_positions>
    <has_player_notes>1</has_player_notes>
   </player>
   <player>
    <player_key>371.p.24171</player_key>
    <player_id>24171</player_id>
    <name>
     <full>Antonio Brown</full>
     <first>Antonio</first>
     <last>Brown</last>
     <ascii_first>Antonio</ascii_first>
     <ascii_last>Brown</ascii_last>
    </name>
    <editorial_player_key>nfl.p.24171</editorial_player_key>
    <editorial_team_key>nfl.t.23</editorial_team_key>
    <editorial_team_full_name>Pittsburgh Steelers</editorial_team_full_name>
    <editorial_team_abbr>Pit</editorial_team_abbr>
    <bye_weeks>
     <week>9</week>
    </bye_weeks>
    <uniform_number>84</uniform_number>
    <display_position>WR</display_position>
    <headshot>
     <url>https://s.yimg.com/iu/api/res/1.2/Pt0ZQht5jrsXNfsx8IieOQ--~A/YXBwaWQ9c2hhcmVkO2NoPTIzMzY7Y3I9MTtjdz0xNzkwO2R4PTg1NztkeT0wO2ZpPXVsY3JvcDtoPTYwO3E9MTAwO3c9NDY-/https://s.yimg.com/xe/i/us/sp/v/nfl_cutout/players_l/08242017/24171.png</url>
     <size>small</size>
    </headshot>
    <image_url>https://s.yimg.com/iu/api/res/1.2/Pt0ZQht5jrsXNfsx8IieOQ--~A/YXBwaWQ9c2hhcmVkO2NoPTIzMzY7Y3I9MTtjdz0xNzkwO2R4PTg1NztkeT0wO2ZpPXVsY3JvcDtoPTYwO3E9MTAwO3c9NDY-/https://s.yimg.com/xe/i/us/sp/v/nfl_cutout/players_l/08242017/24171.png</image_url>
    <is_undroppable>0</is_undroppable>
    <position_type>O</position_type>
    <eligible_positions>
     <position>WR</position>
    </eligible_positions>
    <has_player_notes>1</has_player_notes>
   </player>
   <player>
    <player_key>371.p.24793</player_key>
    <player_id>24793</player_id>
    <name>
     <full>Julio Jones</full>
     <first>Julio</first>
     <last>Jones</last>
     <ascii_first>Julio</ascii_first>
     <ascii_last>Jones</ascii_last>
    </name>
    <editorial_player_key>nfl.p.24793</editorial_player_key>
    <editorial_team_key>nfl.t.1</editorial_team_key>
    <editorial_team_full_name>Atlanta Falcons</editorial_team_full_name>
    <editorial_team_abbr>Atl</editorial_team_abbr>
    <bye_weeks>
     <week>5</week>
    </bye_weeks>
    <uniform_number>11</uniform_number>
    <display_position>WR</display_position>
    <headshot>
     <url>https://s.yimg.com/iu/api/res/1.2/wFMhexRtIzu1Le8iq4CcTQ--~A/YXBwaWQ9c2hhcmVkO2NoPTIzMzY7Y3I9MTtjdz0xNzkwO2R4PTg1NztkeT0wO2ZpPXVsY3JvcDtoPTYwO3E9MTAwO3c9NDY-/https://s.yimg.com/xe/i/us/sp/v/nfl_cutout/players_l/08222017/24793.png</url>
     <size>small</size>
    </headshot>
    <image_url>https://s.yimg.com/iu/api/res/1.2/wFMhexRtIzu1Le8iq4CcTQ--~A/YXBwaWQ9c2hhcmVkO2NoPTIzMzY7Y3I9MTtjdz0xNzkwO2R4PTg1NztkeT0wO2ZpPXVsY3JvcDtoPTYwO3E9MTAwO3c9NDY-/https://s.yimg.com/xe/i/us/sp/v/nfl_cutout/players_l/08222017/24793.png</image_url>
    <is_undroppable>0</is_undroppable>
    <position_type>O</position_type>
    <eligible_positions>
     <position>WR</position>
    </eligible_positions>
    <has_player_notes>1</has_player_notes>
   </player>
   <player>
    <player_key>371.p.27540</player_key>
    <player_id>27540</player_id>
    <name>
     <full>Odell Beckham Jr.</full>
     <first>Odell</first>
     <last>Beckham Jr.</last>
     <ascii_first>Odell</ascii_first>
     <ascii_last>Beckham Jr.</ascii_last>
    </name>
    <status>Q</status>
    <status_full>Questionable</status_full>
    <injury_note>ankle</injury_note>
    <editorial_player_key>nfl.p.27540</editorial_player_key>
    <editorial_team_key>nfl.t.19</editorial_team_key>
    <editorial_team_full_name>New York Giants</editorial_team_full_name>
    <editorial_team_abbr>NYG</editorial_team_abbr>
    <bye_weeks>
     <week>8</week>
    </bye_weeks>
    <uniform_number>13</uniform_number>
    <display_position>WR</display_position>
    <headshot>
     <url>https://s.yimg.com/iu/api/res/1.2/4aQOf_DVicgd0u8waS_llw--~A/YXBwaWQ9c2hhcmVkO2NoPTIzMzY7Y3I9MTtjdz0xNzkwO2R4PTg1NztkeT0wO2ZpPXVsY3JvcDtoPTYwO3E9MTAwO3c9NDY-/https://s.yimg.com/xe/i/us/sp/v/nfl_cutout/players_l/09052017/27540.png</url>
     <size>small</size>
    </headshot>
    <image_url>https://s.yimg.com/iu/api/res/1.2/4aQOf_DVicgd0u8waS_llw--~A/YXBwaWQ9c2hhcmVkO2NoPTIzMzY7Y3I9MTtjdz0xNzkwO2R4PTg1NztkeT0wO2ZpPXVsY3JvcDtoPTYwO3E9MTAwO3c9NDY-/https://s.yimg.com/xe/i/us/sp/v/nfl_cutout/players_l/09052017/27540.png</image_url>
    <is_undroppable>0</is_undroppable>
    <position_type>O</position_type>
    <eligible_positions>
     <position>WR</position>
    </eligible_positions>
    <has_player_notes>1</has_player_notes>
    <has_recent_player_notes>1</has_recent_player_notes>
   </player>
   <player>
    <player_key>371.p.27535</player_key>
    <player_id>27535</player_id>
    <name>
     <full>Mike Evans</full>
     <first>Mike</first>
     <last>Evans</last>
     <ascii_first>Mike</ascii_first>
     <ascii_last>Evans</ascii_last>
    </name>
    <editorial_player_key>nfl.p.27535</editorial_player_key>
    <editorial_team_key>nfl.t.27</editorial_team_key>
    <editorial_team_full_name>Tampa Bay Buccaneers</editorial_team_full_name>
    <editorial_team_abbr>TB</editorial_team_abbr>
    <bye_weeks>
     <week>1</week>
    </bye_weeks>
    <uniform_number>13</uniform_number>
    <display_position>WR</display_position>
    <headshot>
     <url>https://s.yimg.com/iu/api/res/1.2/7E563nj_7Sw0OUnMhqZfcA--~A/YXBwaWQ9c2hhcmVkO2NoPTIzMzY7Y3I9MTtjdz0xNzkwO2R4PTg1NztkeT0wO2ZpPXVsY3JvcDtoPTYwO3E9MTAwO3c9NDY-/https://s.yimg.com/xe/i/us/sp/v/nfl_cutout/players_l/08242017/27535.png</url>
     <size>small</size>
    </headshot>
    <image_url>https://s.yimg.com/iu/api/res/1.2/7E563nj_7Sw0OUnMhqZfcA--~A/YXBwaWQ9c2hhcmVkO2NoPTIzMzY7Y3I9MTtjdz0xNzkwO2R4PTg1NztkeT0wO2ZpPXVsY3JvcDtoPTYwO3E9MTAwO3c9NDY-/https://s.yimg.com/xe/i/us/sp/v/nfl_cutout/players_l/08242017/27535.png</image_url>
    <is_undroppable>0</is_undroppable>
    <position_type>O</position_type>
    <eligible_positions>
     <position>WR</position>
    </eligible_positions>
   </player>
   <player>
    <player_key>371.p.28537</player_key>
    <player_id>28537</player_id>
    <name>
     <full>Jay Ajayi</full>
     <first>Jay</first>
     <last>Ajayi</last>
     <ascii_first>Jay</ascii_first>
     <ascii_last>Ajayi</ascii_last>
    </name>
    <editorial_player_key>nfl.p.28537</editorial_player_key>
    <editorial_team_key>nfl.t.15</editorial_team_key>
    <editorial_team_full_name>Miami Dolphins</editorial_team_full_name>
    <editorial_team_abbr>Mia</editorial_team_abbr>
    <bye_weeks>
     <week>1</week>
    </bye_weeks>
    <uniform_number>23</uniform_number>
    <display_position>RB</display_position>
    <headshot>
     <url>https://s.yimg.com/iu/api/res/1.2/5l9xZY281bP5giKdlF_KYA--~A/YXBwaWQ9c2hhcmVkO2NoPTIzMzY7Y3I9MTtjdz0xNzkwO2R4PTg1NztkeT0wO2ZpPXVsY3JvcDtoPTYwO3E9MTAwO3c9NDY-/https://s.yimg.com/xe/i/us/sp/v/nfl_cutout/players_l/09092017/28537.png</url>
     <size>small</size>
    </headshot>
    <image_url>https://s.yimg.com/iu/api/res/1.2/5l9xZY281bP5giKdlF_KYA--~A/YXBwaWQ9c2hhcmVkO2NoPTIzMzY7Y3I9MTtjdz0xNzkwO2R4PTg1NztkeT0wO2ZpPXVsY3JvcDtoPTYwO3E9MTAwO3c9NDY-/https://s.yimg.com/xe/i/us/sp/v/nfl_cutout/players_l/09092017/28537.png</image_url>
    <is_undroppable>0</is_undroppable>
    <position_type>O</position_type>
    <eligible_positions>
     <position>RB</position>
    </eligible_positions>
    <has_player_notes>1</has_player_notes>
    <has_recent_player_notes>1</has_recent_player_notes>
   </player>
   <player>
    <player_key>371.p.9317</player_key>
    <player_id>9317</player_id>
    <name>
     <full>LeSean McCoy</full>
     <first>LeSean</first>
     <last>McCoy</last>
     <ascii_first>LeSean</ascii_first>
     <ascii_last>McCoy</ascii_last>
    </name>
    <editorial_player_key>nfl.p.9317</editorial_player_key>
    <editorial_team_key>nfl.t.2</editorial_team_key>
    <editorial_team_full_name>Buffalo Bills</editorial_team_full_name>
    <editorial_team_abbr>Buf</editorial_team_abbr>
    <bye_weeks>
     <week>6</week>
    </bye_weeks>
    <uniform_number>25</uniform_number>
    <display_position>RB</display_position>
    <headshot>
     <url>https://s.yimg.com/iu/api/res/1.2/gQytF3X_Lfw3PA0AOs0HMQ--~A/YXBwaWQ9c2hhcmVkO2NoPTIzMzY7Y3I9MTtjdz0xNzkwO2R4PTg1NztkeT0wO2ZpPXVsY3JvcDtoPTYwO3E9MTAwO3c9NDY-/https://s.yimg.com/xe/i/us/sp/v/nfl_cutout/players_l/08222017/9317.png</url>
     <size>small</size>
    </headshot>
    <image_url>https://s.yimg.com/iu/api/res/1.2/gQytF3X_Lfw3PA0AOs0HMQ--~A/YXBwaWQ9c2hhcmVkO2NoPTIzMzY7Y3I9MTtjdz0xNzkwO2R4PTg1NztkeT0wO2ZpPXVsY3JvcDtoPTYwO3E9MTAwO3c9NDY-/https://s.yimg.com/xe/i/us/sp/v/nfl_cutout/players_l/08222017/9317.png</image_url>
    <is_undroppable>0</is_undroppable>
    <position_type>O</position_type>
    <eligible_positions>
     <position>RB</position>
    </eligible_positions>
    <has_player_notes>1</has_player_notes>
   </player>
   <player>
    <player_key>371.p.28403</player_key>
    <player_id>28403</player_id>
    <name>
     <full>Melvin Gordon</full>
     <first>Melvin</first>
     <last>Gordon</last>
     <ascii_first>Melvin</ascii_first>
     <ascii_last>Gordon</ascii_last>
    </name>
    <editorial_player_key>nfl.p.28403</editorial_player_key>
    <editorial_team_key>nfl.t.24</editorial_team_key>
    <editorial_team_full_name>Los Angeles Chargers</editorial_team_full_name>
    <editorial_team_abbr>LAC</editorial_team_abbr>
    <bye_weeks>
     <week>9</week>
    </bye_weeks>
    <uniform_number>28</uniform_number>
    <display_position>RB</display_position>
    <headshot>
     <url>https://s.yimg.com/iu/api/res/1.2/vNlfPwEqOdnYY1W_q6oSwA--~A/YXBwaWQ9c2hhcmVkO2NoPTIzMzY7Y3I9MTtjdz0xNzkwO2R4PTg1NztkeT0wO2ZpPXVsY3JvcDtoPTYwO3E9MTAwO3c9NDY-/https://s.yimg.com/xe/i/us/sp/v/nfl_cutout/players_l/09092017/28403.png</url>
     <size>small</size>
    </headshot>
    <image_url>https://s.yimg.com/iu/api/res/1.2/vNlfPwEqOdnYY1W_q6oSwA--~A/YXBwaWQ9c2hhcmVkO2NoPTIzMzY7Y3I9MTtjdz0xNzkwO2R4PTg1NztkeT0wO2ZpPXVsY3JvcDtoPTYwO3E9MTAwO3c9NDY-/https://s.yimg.com/xe/i/us/sp/v/nfl_cutout/players_l/09092017/28403.png</image_url>
    <is_undroppable>0</is_undroppable>
    <position_type>O</position_type>
    <eligible_positions>
     <position>RB</position>
    </eligible_positions>
    <has_player_notes>1</has_player_notes>
   </player>
   <player>
    <player_key>371.p.27631</player_key>
    <player_id>27631</player_id>
    <name>
     <full>Devonta Freeman</full>
     <first>Devonta</first>
     <last>Freeman</last>
     <ascii_first>Devonta</ascii_first>
     <ascii_last>Freeman</ascii_last>
    </name>
    <editorial_player_key>nfl.p.27631</editorial_player_key>
    <editorial_team_key>nfl.t.1</editorial_team_key>
    <editorial_team_full_name>Atlanta Falcons</editorial_team_full_name>
    <editorial_team_abbr>Atl</editorial_team_abbr>
    <bye_weeks>
     <week>5</week>
    </bye_weeks>
    <uniform_number>24</uniform_number>
    <display_position>RB</display_position>
    <headshot>
     <url>https://s.yimg.com/iu/api/res/1.2/BMzWXn20gvygcEqXxhM.AQ--~A/YXBwaWQ9c2hhcmVkO2NoPTIzMzY7Y3I9MTtjdz0xNzkwO2R4PTg1NztkeT0wO2ZpPXVsY3JvcDtoPTYwO3E9MTAwO3c9NDY-/https://s.yimg.com/xe/i/us/sp/v/nfl_cutout/players_l/08222017/27631.png</url>
     <size>small</size>
    </headshot>
    <image_url>https://s.yimg.com/iu/api/res/1.2/BMzWXn20gvygcEqXxhM.AQ--~A/YXBwaWQ9c2hhcmVkO2NoPTIzMzY7Y3I9MTtjdz0xNzkwO2R4PTg1NztkeT0wO2ZpPXVsY3JvcDtoPTYwO3E9MTAwO3c9NDY-/https://s.yimg.com/xe/i/us/sp/v/nfl_cutout/players_l/08222017/27631.png</image_url>
    <is_undroppable>0</is_undroppable>
    <position_type>O</position_type>
    <eligible_positions>
     <position>RB</position>
    </eligible_positions>
    <has_player_notes>1</has_player_notes>
   </player>
   <player>
    <player_key>371.p.24791</player_key>
    <player_id>24791</player_id>
    <name>
     <full>A.J. Green</full>
     <first>A.J.</first>
     <last>Green</last>
     <ascii_first>A.J.</ascii_first>
     <ascii_last>Green</ascii_last>
    </name>
    <editorial_player_key>nfl.p.24791</editorial_player_key>
    <editorial_team_key>nfl.t.4</editorial_team_key>
    <editorial_team_full_name>Cincinnati Bengals</editorial_team_full_name>
    <editorial_team_abbr>Cin</editorial_team_abbr>
    <bye_weeks>
     <week>6</week>
    </bye_weeks>
    <uniform_number>18</uniform_number>
    <display_position>WR</display_position>
    <headshot>
     <url>https://s.yimg.com/iu/api/res/1.2/wIeHRt3h2pUrdmrN7PnocA--~A/YXBwaWQ9c2hhcmVkO2NoPTIzMzY7Y3I9MTtjdz0xNzkwO2R4PTg1NztkeT0wO2ZpPXVsY3JvcDtoPTYwO3E9MTAwO3c9NDY-/https://s.yimg.com/xe/i/us/sp/v/nfl_cutout/players_l/09052017/24791.png</url>
     <size>small</size>
    </headshot>
    <image_url>https://s.yimg.com/iu/api/res/1.2/wIeHRt3h2pUrdmrN7PnocA--~A/YXBwaWQ9c2hhcmVkO2NoPTIzMzY7Y3I9MTtjdz0xNzkwO2R4PTg1NztkeT0wO2ZpPXVsY3JvcDtoPTYwO3E9MTAwO3c9NDY-/https://s.yimg.com/xe/i/us/sp/v/nfl_cutout/players_l/09052017/24791.png</image_url>
    <is_undroppable>0</is_undroppable>
    <position_type>O</position_type>
    <eligible_positions>
     <position>WR</position>
    </eligible_positions>
    <has_player_notes>1</has_player_notes>
   </player>
   <player>
    <player_key>371.p.8813</player_key>
    <player_id>8813</player_id>
    <name>
     <full>Jordy Nelson</full>
     <first>Jordy</first>
     <last>Nelson</last>
     <ascii_first>Jordy</ascii_first>
     <ascii_last>Nelson</ascii_last>
    </name>
    <editorial_player_key>nfl.p.8813</editorial_player_key>
    <editorial_team_key>nfl.t.9</editorial_team_key>
    <editorial_team_full_name>Green Bay Packers</editorial_team_full_name>
    <editorial_team_abbr>GB</editorial_team_abbr>
    <bye_weeks>
     <week>8</week>
    </bye_weeks>
    <uniform_number>87</uniform_number>
    <display_position>WR</display_position>
    <headshot>
     <url>https://s.yimg.com/iu/api/res/1.2/h28ge84VqWrwAeBXLxFBtw--~A/YXBwaWQ9c2hhcmVkO2NoPTIzMzY7Y3I9MTtjdz0xNzkwO2R4PTg1NztkeT0wO2ZpPXVsY3JvcDtoPTYwO3E9MTAwO3c9NDY-/https://s.yimg.com/xe/i/us/sp/v/nfl_cutout/players_l/09082017/8813.png</url>
     <size>small</size>
    </headshot>
    <image_url>https://s.yimg.com/iu/api/res/1.2/h28ge84VqWrwAeBXLxFBtw--~A/YXBwaWQ9c2hhcmVkO2NoPTIzMzY7Y3I9MTtjdz0xNzkwO2R4PTg1NztkeT0wO2ZpPXVsY3JvcDtoPTYwO3E9MTAwO3c9NDY-/https://s.yimg.com/xe/i/us/sp/v/nfl_cutout/players_l/09082017/8813.png</image_url>
    <is_undroppable>0</is_undroppable>
    <position_type>O</position_type>
    <eligible_positions>
     <position>WR</position>
    </eligible_positions>
    <has_player_notes>1</has_player_notes>
   </player>
   <player>
    <player_key>371.p.29281</player_key>
    <player_id>29281</player_id>
    <name>
     <full>Michael Thomas</full>
     <first>Michael</first>
     <last>Thomas</last>
     <ascii_first>Michael</ascii_first>
     <ascii_last>Thomas</ascii_last>
    </name>
    <editorial_player_key>nfl.p.29281</editorial_player_key>
    <editorial_team_key>nfl.t.18</editorial_team_key>
    <editorial_team_full_name>New Orleans Saints</editorial_team_full_name>
    <editorial_team_abbr>NO</editorial_team_abbr>
    <bye_weeks>
     <week>5</week>
    </bye_weeks>
    <uniform_number>13</uniform_number>
    <display_position>WR</display_position>
    <headshot>
     <url>https://s.yimg.com/iu/api/res/1.2/eNWNifyvgmtRUoGlpZNB3A--~A/YXBwaWQ9c2hhcmVkO2NoPTIzMzY7Y3I9MTtjdz0xNzkwO2R4PTg1NztkeT0wO2ZpPXVsY3JvcDtoPTYwO3E9MTAwO3c9NDY-/https://s.yimg.com/xe/i/us/sp/v/nfl_cutout/players_l/20160906/29281.png</url>
     <size>small</size>
    </headshot>
    <image_url>https://s.yimg.com/iu/api/res/1.2/eNWNifyvgmtRUoGlpZNB3A--~A/YXBwaWQ9c2hhcmVkO2NoPTIzMzY7Y3I9MTtjdz0xNzkwO2R4PTg1NztkeT0wO2ZpPXVsY3JvcDtoPTYwO3E9MTAwO3c9NDY-/https://s.yimg.com/xe/i/us/sp/v/nfl_cutout/players_l/20160906/29281.png</image_url>
    <is_undroppable>0</is_undroppable>
    <position_type>O</position_type>
    <eligible_positions>
     <position>WR</position>
    </eligible_positions>
    <has_player_notes>1</has_player_notes>
   </player>
   <player>
    <player_key>371.p.24858</player_key>
    <player_id>24858</player_id>
    <name>
     <full>DeMarco Murray</full>
     <first>DeMarco</first>
     <last>Murray</last>
     <ascii_first>DeMarco</ascii_first>
     <ascii_last>Murray</ascii_last>
    </name>
    <editorial_player_key>nfl.p.24858</editorial_player_key>
    <editorial_team_key>nfl.t.10</editorial_team_key>
    <editorial_team_full_name>Tennessee Titans</editorial_team_full_name>
    <editorial_team_abbr>Ten</editorial_team_abbr>
    <bye_weeks>
     <week>8</week>
    </bye_weeks>
    <uniform_number>29</uniform_number>
    <display_position>RB</display_position>
    <headshot>
     <url>https://s.yimg.com/iu/api/res/1.2/O9kkN.9cot.ShiNM0VovsA--~A/YXBwaWQ9c2hhcmVkO2NoPTIzMzY7Y3I9MTtjdz0xNzkwO2R4PTg1NztkeT0wO2ZpPXVsY3JvcDtoPTYwO3E9MTAwO3c9NDY-/https://s.yimg.com/xe/i/us/sp/v/nfl_cutout/players_l/08242017/24858.png</url>
     <size>small</size>
    </headshot>
    <image_url>https://s.yimg.com/iu/api/res/1.2/O9kkN.9cot.ShiNM0VovsA--~A/YXBwaWQ9c2hhcmVkO2NoPTIzMzY7Y3I9MTtjdz0xNzkwO2R4PTg1NztkeT0wO2ZpPXVsY3JvcDtoPTYwO3E9MTAwO3c9NDY-/https://s.yimg.com/xe/i/us/sp/v/nfl_cutout/players_l/08242017/24858.png</image_url>
    <is_undroppable>0</is_undroppable>
    <position_type>O</position_type>
    <eligible_positions>
     <position>RB</position>
    </eligible_positions>
    <has_player_notes>1</has_player_notes>
   </player>
   <player>
    <player_key>371.p.29384</player_key>
    <player_id>29384</player_id>
    <name>
     <full>Jordan Howard</full>
     <first>Jordan</first>
     <last>Howard</last>
     <ascii_first>Jordan</ascii_first>
     <ascii_last>Howard</ascii_last>
    </name>
    <status>Q</status>
    <status_full>Questionable</status_full>
    <editorial_player_key>nfl.p.29384</editorial_player_key>
    <editorial_team_key>nfl.t.3</editorial_team_key>
    <editorial_team_full_name>Chicago Bears</editorial_team_full_name>
    <editorial_team_abbr>Chi</editorial_team_abbr>
    <bye_weeks>
     <week>9</week>
    </bye_weeks>
    <uniform_number>24</uniform_number>
    <display_position>RB</display_position>
    <headshot>
     <url>https://s.yimg.com/iu/api/res/1.2/eVStToG4VpPYz2lTxNI0iA--~A/YXBwaWQ9c2hhcmVkO2NoPTIzMzY7Y3I9MTtjdz0xNzkwO2R4PTg1NztkeT0wO2ZpPXVsY3JvcDtoPTYwO3E9MTAwO3c9NDY-/https://s.yimg.com/xe/i/us/sp/v/nfl_cutout/players_l/09012017/29384.png</url>
     <size>small</size>
    </headshot>
    <image_url>https://s.yimg.com/iu/api/res/1.2/eVStToG4VpPYz2lTxNI0iA--~A/YXBwaWQ9c2hhcmVkO2NoPTIzMzY7Y3I9MTtjdz0xNzkwO2R4PTg1NztkeT0wO2ZpPXVsY3JvcDtoPTYwO3E9MTAwO3c9NDY-/https://s.yimg.com/xe/i/us/sp/v/nfl_cutout/players_l/09012017/29384.png</image_url>
    <is_undroppable>0</is_undroppable>
    <position_type>O</position_type>
    <eligible_positions>
     <position>RB</position>
    </eligible_positions>
    <has_player_notes>1</has_player_notes>
    <has_recent_player_notes>1</has_recent_player_notes>
   </player>
   <player>
    <player_key>371.p.27548</player_key>
    <player_id>27548</player_id>
    <name>
     <full>Brandin Cooks</full>
     <first>Brandin</first>
     <last>Cooks</last>
     <ascii_first>Brandin</ascii_first>
     <ascii_last>Cooks</ascii_last>
    </name>
    <editorial_player_key>nfl.p.27548</editorial_player_key>
    <editorial_team_key>nfl.t.17</editorial_team_key>
    <editorial_team_full_name>New England Patriots</editorial_team_full_name>
    <editorial_team_abbr>NE</editorial_team_abbr>
    <bye_weeks>
     <week>9</week>
    </bye_weeks>
    <uniform_number>14</uniform_number>
    <display_position>WR</display_position>
    <headshot>
     <url>https://s.yimg.com/iu/api/res/1.2/V7KCVk_fIDn8zY7UlC89NA--~A/YXBwaWQ9c2hhcmVkO2NoPTIzMzY7Y3I9MTtjdz0xNzkwO2R4PTg1NztkeT0wO2ZpPXVsY3JvcDtoPTYwO3E9MTAwO3c9NDY-/https://s.yimg.com/xe/i/us/sp/v/nfl_cutout/players_l/08312017/27548.png</url>
     <size>small</size>
    </headshot>
    <image_url>https://s.yimg.com/iu/api/res/1.2/V7KCVk_fIDn8zY7UlC89NA--~A/YXBwaWQ9c2hhcmVkO2NoPTIzMzY7Y3I9MTtjdz0xNzkwO2R4PTg1NztkeT0wO2ZpPXVsY3JvcDtoPTYwO3E9MTAwO3c9NDY-/https://s.yimg.com/xe/i/us/sp/v/nfl_cutout/players_l/08312017/27548.png</image_url>
    <is_undroppable>0</is_undroppable>
    <position_type>O</position_type>
    <eligible_positions>
     <position>WR</position>
    </eligible_positions>
    <has_player_notes>1</has_player_notes>
   </player>
   <player>
    <player_key>371.p.25105</player_key>
    <player_id>25105</player_id>
    <name>
     <full>Doug Baldwin</full>
     <first>Doug</first>
     <last>Baldwin</last>
     <ascii_first>Doug</ascii_first>
     <ascii_last>Baldwin</ascii_last>
    </name>
    <editorial_player_key>nfl.p.25105</editorial_player_key>
    <editorial_team_key>nfl.t.26</editorial_team_key>
    <editorial_team_full_name>Seattle Seahawks</editorial_team_full_name>
    <editorial_team_abbr>Sea</editorial_team_abbr>
    <bye_weeks>
     <week>6</week>
    </bye_weeks>
    <uniform_number>89</uniform_number>
    <display_position>WR</display_position>
    <headshot>
     <url>https://s.yimg.com/iu/api/res/1.2/iiolcLp_SbClcRNybuWKfw--~A/YXBwaWQ9c2hhcmVkO2NoPTIzMzY7Y3I9MTtjdz0xNzkwO2R4PTg1NztkeT0wO2ZpPXVsY3JvcDtoPTYwO3E9MTAwO3c9NDY-/https://s.yimg.com/xe/i/us/sp/v/nfl_cutout/players_l/08242017/25105.png</url>
     <size>small</size>
    </headshot>
    <image_url>https://s.yimg.com/iu/api/res/1.2/iiolcLp_SbClcRNybuWKfw--~A/YXBwaWQ9c2hhcmVkO2NoPTIzMzY7Y3I9MTtjdz0xNzkwO2R4PTg1NztkeT0wO2ZpPXVsY3JvcDtoPTYwO3E9MTAwO3c9NDY-/https://s.yimg.com/xe/i/us/sp/v/nfl_cutout/players_l/08242017/25105.png</image_url>
    <is_undroppable>0</is_undroppable>
    <position_type>O</position_type>
    <eligible_positions>
     <position>WR</position>
    </eligible_positions>
    <has_player_notes>1</has_player_notes>
   </player>
   <player>
    <player_key>371.p.29238</player_key>
    <player_id>29238</player_id>
    <name>
     <full>Ezekiel Elliott</full>
     <first>Ezekiel</first>
     <last>Elliott</last>
     <ascii_first>Ezekiel</ascii_first>
     <ascii_last>Elliott</ascii_last>
    </name>
    <editorial_player_key>nfl.p.29238</editorial_player_key>
    <editorial_team_key>nfl.t.6</editorial_team_key>
    <editorial_team_full_name>Dallas Cowboys</editorial_team_full_name>
    <editorial_team_abbr>Dal</editorial_team_abbr>
    <bye_weeks>
     <week>6</week>
    </bye_weeks>
    <uniform_number>21</uniform_number>
    <display_position>RB</display_position>
    <headshot>
     <url>https://s.yimg.com/iu/api/res/1.2/qHz3LZHVFiqoHeWkr.388g--~A/YXBwaWQ9c2hhcmVkO2NoPTIzMzY7Y3I9MTtjdz0xNzkwO2R4PTg1NztkeT0wO2ZpPXVsY3JvcDtoPTYwO3E9MTAwO3c9NDY-/https://s.yimg.com/xe/i/us/sp/v/nfl_cutout/players_l/09022017/29238.png</url>
     <size>small</size>
    </headshot>
    <image_url>https://s.yimg.com/iu/api/res/1.2/qHz3LZHVFiqoHeWkr.388g--~A/YXBwaWQ9c2hhcmVkO2NoPTIzMzY7Y3I9MTtjdz0xNzkwO2R4PTg1NztkeT0wO2ZpPXVsY3JvcDtoPTYwO3E9MTAwO3c9NDY-/https://s.yimg.com/xe/i/us/sp/v/nfl_cutout/players_l/09022017/29238.png</image_url>
    <is_undroppable>0</is_undroppable>
    <position_type>O</position_type>
    <eligible_positions>
     <position>RB</position>
    </eligible_positions>
    <has_player_notes>1</has_player_notes>
   </player>
   <player>
    <player_key>371.p.23999</player_key>
    <player_id>23999</player_id>
    <name>
     <full>Dez Bryant</full>
     <first>Dez</first>
     <last>Bryant</last>
     <ascii_first>Dez</ascii_first>
     <ascii_last>Bryant</ascii_last>
    </name>
    <editorial_player_key>nfl.p.23999</editorial_player_key>
    <editorial_team_key>nfl.t.6</editorial_team_key>
    <editorial_team_full_name>Dallas Cowboys</editorial_team_full_name>
    <editorial_team_abbr>Dal</editorial_team_abbr>
    <bye_weeks>
     <week>6</week>
    </bye_weeks>
    <uniform_number>88</uniform_number>
    <display_position>WR</display_position>
    <headshot>
     <url>https://s.yimg.com/iu/api/res/1.2/yyDgpK1KafWb13vf.l6WUg--~A/YXBwaWQ9c2hhcmVkO2NoPTIzMzY7Y3I9MTtjdz0xNzkwO2R4PTg1NztkeT0wO2ZpPXVsY3JvcDtoPTYwO3E9MTAwO3c9NDY-/https://s.yimg.com/xe/i/us/sp/v/nfl_cutout/players_l/09022017/23999.png</url>
     <size>small</size>
    </headshot>
    <image_url>https://s.yimg.com/iu/api/res/1.2/yyDgpK1KafWb13vf.l6WUg--~A/YXBwaWQ9c2hhcmVkO2NoPTIzMzY7Y3I9MTtjdz0xNzkwO2R4PTg1NztkeT0wO2ZpPXVsY3JvcDtoPTYwO3E9MTAwO3c9NDY-/https://s.yimg.com/xe/i/us/sp/v/nfl_cutout/players_l/09022017/23999.png</image_url>
    <is_undroppable>0</is_undroppable>
    <position_type>O</position_type>
    <eligible_positions>
     <position>WR</position>
    </eligible_positions>
    <has_player_notes>1</has_player_notes>
   </player>
   <player>
    <player_key>371.p.28398</player_key>
    <player_id>28398</player_id>
    <name>
     <full>Todd Gurley II</full>
     <first>Todd</first>
     <last>Gurley II</last>
     <ascii_first>Todd</ascii_first>
     <ascii_last>Gurley II</ascii_last>
    </name>
    <editorial_player_key>nfl.p.28398</editorial_player_key>
    <editorial_team_key>nfl.t.14</editorial_team_key>
    <editorial_team_full_name>Los Angeles Rams</editorial_team_full_name>
    <editorial_team_abbr>LAR</editorial_team_abbr>
    <bye_weeks>
     <week>8</week>
    </bye_weeks>
    <uniform_number>30</uniform_number>
    <display_position>RB</display_position>
    <headshot>
     <url>https://s.yimg.com/iu/api/res/1.2/E58o8qjmqCNYnYH.dAdYDA--~A/YXBwaWQ9c2hhcmVkO2NoPTIzMzY7Y3I9MTtjdz0xNzkwO2R4PTg1NztkeT0wO2ZpPXVsY3JvcDtoPTYwO3E9MTAwO3c9NDY-/https://s.yimg.com/xe/i/us/sp/v/nfl_cutout/players_l/09092017/28398.png</url>
     <size>small</size>
    </headshot>
    <image_url>https://s.yimg.com/iu/api/res/1.2/E58o8qjmqCNYnYH.dAdYDA--~A/YXBwaWQ9c2hhcmVkO2NoPTIzMzY7Y3I9MTtjdz0xNzkwO2R4PTg1NztkeT0wO2ZpPXVsY3JvcDtoPTYwO3E9MTAwO3c9NDY-/https://s.yimg.com/xe/i/us/sp/v/nfl_cutout/players_l/09092017/28398.png</image_url>
    <is_undroppable>0</is_undroppable>
    <position_type>O</position_type>
    <eligible_positions>
     <position>RB</position>
    </eligible_positions>
    <has_player_notes>1</has_player_notes>
   </player>
   <player>
    <player_key>371.p.30154</player_key>
    <player_id>30154</player_id>
    <name>
     <full>Dalvin Cook</full>
     <first>Dalvin</first>
     <last>Cook</last>
     <ascii_first>Dalvin</ascii_first>
     <ascii_last>Cook</ascii_last>
    </name>
    <editorial_player_key>nfl.p.30154</editorial_player_key>
    <editorial_team_key>nfl.t.16</editorial_team_key>
    <editorial_team_full_name>Minnesota Vikings</editorial_team_full_name>
    <editorial_team_abbr>Min</editorial_team_abbr>
    <bye_weeks>
     <week>9</week>
    </bye_weeks>
    <uniform_number>33</uniform_number>
    <display_position>RB</display_position>
    <headshot>
     <url>https://s.yimg.com/iu/api/res/1.2/_R0Rs8uwmv3xa2dkw58j3w--~A/YXBwaWQ9c2hhcmVkO2NoPTIzMzY7Y3I9MTtjdz0xNzkwO2R4PTg1NztkeT0wO2ZpPXVsY3JvcDtoPTYwO3E9MTAwO3c9NDY-/https://s.yimg.com/xe/i/us/sp/v/nfl_cutout/players_l/09062017/30154.png</url>
     <size>small</size>
    </headshot>
    <image_url>https://s.yimg.com/iu/api/res/1.2/_R0Rs8uwmv3xa2dkw58j3w--~A/YXBwaWQ9c2hhcmVkO2NoPTIzMzY7Y3I9MTtjdz0xNzkwO2R4PTg1NztkeT0wO2ZpPXVsY3JvcDtoPTYwO3E9MTAwO3c9NDY-/https://s.yimg.com/xe/i/us/sp/v/nfl_cutout/players_l/09062017/30154.png</image_url>
    <is_undroppable>0</is_undroppable>
    <position_type>O</position_type>
    <eligible_positions>
     <position>RB</position>
    </eligible_positions>
    <has_player_notes>1</has_player_notes>
   </player>
   <player>
    <player_key>371.p.30117</player_key>
    <player_id>30117</player_id>
    <name>
     <full>Leonard Fournette</full>
     <first>Leonard</first>
     <last>Fournette</last>
     <ascii_first>Leonard</ascii_first>
     <ascii_last>Fournette</ascii_last>
    </name>
    <editorial_player_key>nfl.p.30117</editorial_player_key>
    <editorial_team_key>nfl.t.30</editorial_team_key>
    <editorial_team_full_name>Jacksonville Jaguars</editorial_team_full_name>
    <editorial_team_abbr>Jax</editorial_team_abbr>
    <bye_weeks>
     <week>8</week>
    </bye_weeks>
    <uniform_number>27</uniform_number>
    <display_position>RB</display_position>
    <headshot>
     <url>https://s.yimg.com/iu/api/res/1.2/CiWGP1899urO59HkNjSrpg--~A/YXBwaWQ9c2hhcmVkO2NoPTIzMzY7Y3I9MTtjdz0xNzkwO2R4PTg1NztkeT0wO2ZpPXVsY3JvcDtoPTYwO3E9MTAwO3c9NDY-/https://s.yimg.com/xe/i/us/sp/v/nfl_cutout/players_l/09092017/30117.png</url>
     <size>small</size>
    </headshot>
    <image_url>https://s.yimg.com/iu/api/res/1.2/CiWGP1899urO59HkNjSrpg--~A/YXBwaWQ9c2hhcmVkO2NoPTIzMzY7Y3I9MTtjdz0xNzkwO2R4PTg1NztkeT0wO2ZpPXVsY3JvcDtoPTYwO3E9MTAwO3c9NDY-/https://s.yimg.com/xe/i/us/sp/v/nfl_cutout/players_l/09092017/30117.png</image_url>
    <is_undroppable>0</is_undroppable>
    <position_type>O</position_type>
    <eligible_positions>
     <position>RB</position>
    </eligible_positions>
    <has_player_notes>1</has_player_notes>
   </player>
   <player>
    <player_key>371.p.28014</player_key>
    <player_id>28014</player_id>
    <name>
     <full>Isaiah Crowell</full>
     <first>Isaiah</first>
     <last>Crowell</last>
     <ascii_first>Isaiah</ascii_first>
     <ascii_last>Crowell</ascii_last>
    </name>
    <editorial_player_key>nfl.p.28014</editorial_player_key>
    <editorial_team_key>nfl.t.5</editorial_team_key>
    <editorial_team_full_name>Cleveland Browns</editorial_team_full_name>
    <editorial_team_abbr>Cle</editorial_team_abbr>
    <bye_weeks>
     <week>9</week>
    </bye_weeks>
    <uniform_number>34</uniform_number>
    <display_position>RB</display_position>
    <headshot>
     <url>https://s.yimg.com/iu/api/res/1.2/2cQY1PqxiciFK1r3CfQKCw--~A/YXBwaWQ9c2hhcmVkO2NoPTIzMzY7Y3I9MTtjdz0xNzkwO2R4PTg1NztkeT0wO2ZpPXVsY3JvcDtoPTYwO3E9MTAwO3c9NDY-/https://s.yimg.com/xe/i/us/sp/v/nfl_cutout/players_l/09052017/28014.png</url>
     <size>small</size>
    </headshot>
    <image_url>https://s.yimg.com/iu/api/res/1.2/2cQY1PqxiciFK1r3CfQKCw--~A/YXBwaWQ9c2hhcmVkO2NoPTIzMzY7Y3I9MTtjdz0xNzkwO2R4PTg1NztkeT0wO2ZpPXVsY3JvcDtoPTYwO3E9MTAwO3c9NDY-/https://s.yimg.com/xe/i/us/sp/v/nfl_cutout/players_l/09052017/28014.png</image_url>
    <is_undroppable>0</is_undroppable>
    <position_type>O</position_type>
    <eligible_positions>
     <position>RB</position>
    </eligible_positions>
    <has_player_notes>1</has_player_notes>
   </player>
   <player>
    <player_key>371.p.28392</player_key>
    <player_id>28392</player_id>
    <name>
     <full>Amari Cooper</full>
     <first>Amari</first>
     <last>Cooper</last>
     <ascii_first>Amari</ascii_first>
     <ascii_last>Cooper</ascii_last>
    </name>
    <status>Q</status>
    <status_full>Questionable</status_full>
    <editorial_player_key>nfl.p.28392</editorial_player_key>
    <editorial_team_key>nfl.t.13</editorial_team_key>
    <editorial_team_full_name>Oakland Raiders</editorial_team_full_name>
    <editorial_team_abbr>Oak</editorial_team_abbr>
    <bye_weeks>
     <week>10</week>
    </bye_weeks>
    <uniform_number>89</uniform_number>
    <display_position>WR</display_position>
    <headshot>
     <url>https://s.yimg.com/iu/api/res/1.2/xpClu21h7jDnHfkLt6MX.g--~A/YXBwaWQ9c2hhcmVkO2NoPTIzMzY7Y3I9MTtjdz0xNzkwO2R4PTg1NztkeT0wO2ZpPXVsY3JvcDtoPTYwO3E9MTAwO3c9NDY-/https://s.yimg.com/xe/i/us/sp/v/nfl_cutout/players_l/09052017/28392.png</url>
     <size>small</size>
    </headshot>
    <image_url>https://s.yimg.com/iu/api/res/1.2/xpClu21h7jDnHfkLt6MX.g--~A/YXBwaWQ9c2hhcmVkO2NoPTIzMzY7Y3I9MTtjdz0xNzkwO2R4PTg1NztkeT0wO2ZpPXVsY3JvcDtoPTYwO3E9MTAwO3c9NDY-/https://s.yimg.com/xe/i/us/sp/v/nfl_cutout/players_l/09052017/28392.png</image_url>
    <is_undroppable>0</is_undroppable>
    <position_type>O</position_type>
    <eligible_positions>
     <position>WR</position>
    </eligible_positions>
    <has_player_notes>1</has_player_notes>
    <has_recent_player_notes>1</has_recent_player_notes>
   </player>
   <player>
    <player_key>371.p.30121</player_key>
    <player_id>30121</player_id>
    <name>
     <full>Christian McCaffrey</full>
     <first>Christian</first>
     <last>McCaffrey</last>
     <ascii_first>Christian</ascii_first>
     <ascii_last>McCaffrey</ascii_last>
    </name>
    <editorial_player_key>nfl.p.30121</editorial_player_key>
    <editorial_team_key>nfl.t.29</editorial_team_key>
    <editorial_team_full_name>Carolina Panthers</editorial_team_full_name>
    <editorial_team_abbr>Car</editorial_team_abbr>
    <bye_weeks>
     <week>11</week>
    </bye_weeks>
    <uniform_number>22</uniform_number>
    <display_position>RB</display_position>
    <headshot>
     <url>https://s.yimg.com/iu/api/res/1.2/o6h43z86Ij1MR.JqnSd4qg--~A/YXBwaWQ9c2hhcmVkO2NoPTIzMzY7Y3I9MTtjdz0xNzkwO2R4PTg1NztkeT0wO2ZpPXVsY3JvcDtoPTYwO3E9MTAwO3c9NDY-/https://s.yimg.com/xe/i/us/sp/v/nfl_cutout/players_l/08222017/30121.png</url>
     <size>small</size>
    </headshot>
    <image_url>https://s.yimg.com/iu/api/res/1.2/o6h43z86Ij1MR.JqnSd4qg--~A/YXBwaWQ9c2hhcmVkO2NoPTIzMzY7Y3I9MTtjdz0xNzkwO2R4PTg1NztkeT0wO2ZpPXVsY3JvcDtoPTYwO3E9MTAwO3c9NDY-/https://s.yimg.com/xe/i/us/sp/v/nfl_cutout/players_l/08222017/30121.png</image_url>
    <is_undroppable>0</is_undroppable>
    <position_type>O</position_type>
    <eligible_positions>
     <position>RB</position>
    </eligible_positions>
    <has_player_notes>1</has_player_notes>
   </player>
  </players>
 </game>
</fantasy_content>

<!-- fanos512.sports.bf1.yahoo.com Thu Sep 14 00:30:03 UTC 2017 -->

